powitanie
jeszcze jedno
witaj Świecie
Dodane